D:\vn-sim\Engine\KRKRRuntime\Source\cpp/core/render/RenderManager.h:183:18:virtual void iTVPRenderMethod::SetParameterColor4B(int, unsigned int)	8	static
D:\vn-sim\Engine\KRKRRuntime\Source\cpp/core/render/RenderManager.h:184:18:virtual void iTVPRenderMethod::SetParameterOpa(int, int)	8	static
D:\vn-sim\Engine\KRKRRuntime\Source\cpp/core/render/RenderManager.h:316:17:virtual int iTVPRenderManager::EnumParameterID(const char*)	8	static
D:\vn-sim\Engine\KRKRRuntime\Source\cpp/core/render/RenderManager.h:318:18:virtual void iTVPRenderManager::SetParameterInt(int, int)	8	static
Tests/MetalLayer/TriangleProfileTests.cpp:20:13:void TestLog(const char*, int32_t, const char*)	8	static
Tests/MetalLayer/TriangleProfileTests.cpp:30:9:{anonymous}::Texture {anonymous}::Create(int, int)	96	static
Tests/MetalLayer/TriangleProfileTests.cpp:29:6:void {anonymous}::Require(bool, const char*)	64	static
D:\vn-sim\Engine\KRKRRuntime\Source\cpp/core/render/LayerWorkDiagnostics.h:119:19:void __tcf_0()	48	static
C:/Strawberry/c/x86_64-w64-mingw32/include/stdio.h:458:5:)	64	static
Tests/MetalLayer/TriangleProfileTests.cpp:33:6:void {anonymous}::Fill(iTVPTexture2D*, uint32_t)	128	static
Tests/MetalLayer/TriangleProfileTests.cpp:39:6:void {anonymous}::Triangle(iTVPTexture2D*, iTVPTexture2D*, const tTVPRect&, const char*, iTVPTexture2D*)	240	static
C:/Strawberry/c/include/c++/13.2.0/bits/basic_string.h:631:7:std::__cxx11::basic_string<_CharT, _Traits, _Alloc>::basic_string(const _CharT*, const _Alloc&) [with <template-parameter-2-1> = std::allocator<char>; _CharT = char; _Traits = std::char_traits<char>; _Alloc = std::allocator<char>]	96	static
C:/Strawberry/c/include/c++/13.2.0/bits/basic_string.h:4217:3:std::string std::__cxx11::to_string(long long unsigned int)	272	static
D:\vn-sim\Engine\KRKRRuntime\Source\cpp/core/render/LayerWorkDiagnostics.h:78:20:std::string krkrsdl3::layer_work::JSONString(const char*)	208	static
D:\vn-sim\Engine\KRKRRuntime\Source\cpp/core/render/LayerWorkDiagnostics.h:110:5:krkrsdl3::layer_work::Profile::Profile()	96	static
D:\vn-sim\Engine\KRKRRuntime\Source\cpp/core/render/LayerWorkDiagnostics.h:123:13:void krkrsdl3::layer_work::SetEnabled(bool)	90640	static
D:\vn-sim\Engine\KRKRRuntime\Source\cpp/core/render/LayerWorkDiagnostics.h:154:5:krkrsdl3::layer_work::TransitionScope::TransitionScope(const char*, const char*, int, int, int, int, int, int, int, int, uint64_t, uint64_t, const char*)	160	static
D:\vn-sim\Engine\KRKRRuntime\Source\cpp/core/render/LayerWorkDiagnostics.h:193:5:krkrsdl3::layer_work::TransitionScope::~TransitionScope()	240	static
D:\vn-sim\Engine\KRKRRuntime\Source\cpp/core/render/LayerWorkDiagnostics.h:260:13:void krkrsdl3::layer_work::Record(bool, uint64_t, int, int, uint64_t, uint64_t, uint64_t, bool, const char*, uint64_t, bool)	224	static
D:\vn-sim\Engine\KRKRRuntime\Source\cpp/core/render/LayerWorkDiagnostics.h:302:13:void krkrsdl3::layer_work::RecordFrame(uint64_t, uint64_t)	80	static
D:\vn-sim\Engine\KRKRRuntime\Source\cpp/core/render/LayerWorkDiagnostics.h:330:23:krkrsdl3::layer_work::TransitionMetricsJSON(const TransitionMetrics&)::<lambda(const char*, uint64_t)>	416	static
D:\vn-sim\Engine\KRKRRuntime\Source\cpp/core/render/LayerWorkDiagnostics.h:328:20:std::string krkrsdl3::layer_work::TransitionMetricsJSON(const TransitionMetrics&)	80	static
D:\vn-sim\Engine\KRKRRuntime\Source\cpp/core/render/LayerWorkDiagnostics.h:350:20:std::string krkrsdl3::layer_work::OriginMetrics(const OriginTransfer&)	672	static
D:\vn-sim\Engine\KRKRRuntime\Source\cpp/core/render/LayerWorkDiagnostics.h:319:8:krkrsdl3::layer_work::Summary::~Summary()	48	static
D:\vn-sim\Engine\KRKRRuntime\Source\cpp/core/render/LayerTriangleTrace.h:25:14:krkrsdl3::layer_triangle_trace::SourceScope::SourceScope(krkrsdl3::layer_triangle_trace::Source)	64	static
D:\vn-sim\Engine\KRKRRuntime\Source\cpp/core/render/MetalLayerRenderManager.h:52:8:TVPLayerTriangleProfile::~TVPLayerTriangleProfile()	48	static
build/metal-layer-tests/ProductionTriangleProfileBridge.inc:2:17:bool MikageKRKRTakeLayerTriangleProfile(MikageKRKRLayerTriangleProfile*)	368	static
Tests/MetalLayer/TriangleProfileTests.cpp:49:32:MikageKRKRLayerTriangleProfile {anonymous}::Take()	64	static
build/metal-layer-tests/ProductionTriangleProfileBridge.inc:70:24:const char* MikageKRKRLayerWorkProfileOrigins(const MikageKRKRLayerWorkProfile*)	8	static
build/metal-layer-tests/ProductionTriangleProfileBridge.inc:74:24:const char* MikageKRKRLayerWorkProfileTransitions(const MikageKRKRLayerWorkProfile*)	8	static
build/metal-layer-tests/ProductionTriangleProfileBridge.inc:78:24:const char* MikageKRKRLayerWorkProfileTransitionOverflow(const MikageKRKRLayerWorkProfile*)	8	static
build/metal-layer-tests/ProductionTriangleProfileBridge.inc:82:28:const uint64_t* MikageKRKRLayerWorkProfileFrameIntervals(const MikageKRKRLayerWorkProfile*)	8	static
build/metal-layer-tests/ProductionTriangleProfileBridge.inc:86:28:const uint64_t* MikageKRKRLayerWorkProfileFrameCpuWall(const MikageKRKRLayerWorkProfile*)	8	static
C:/Strawberry/c/include/c++/13.2.0/bits/basic_string.h:3639:5:std::__cxx11::basic_string<_CharT, _Traits, _Allocator> std::operator+(__cxx11::basic_string<_CharT, _Traits, _Allocator>&&, __cxx11::basic_string<_CharT, _Traits, _Allocator>&&) [with _CharT = char; _Traits = char_traits<char>; _Alloc = allocator<char>]	80	static
C:/Strawberry/c/include/c++/13.2.0/bits/unique_ptr.h:398:7:std::unique_ptr<_Tp, _Dp>::~unique_ptr() [with _Tp = iTVPTexture2D; _Dp = std::default_delete<iTVPTexture2D>]	8	static
C:/Strawberry/c/include/c++/13.2.0/bits/basic_string.h:3715:5:bool std::operator==(const __cxx11::basic_string<_CharT, _Traits, _Allocator>&, const _CharT*) [with _CharT = char; _Traits = char_traits<char>; _Alloc = allocator<char>]	64	static
C:/Strawberry/c/include/c++/13.2.0/bits/stl_algo.h:85:5:void std::__move_median_to_first(_Iterator, _Iterator, _Iterator, _Iterator, _Compare) [with _Iterator = krkrsdl3::layer_work::OriginTransfer*; _Compare = __gnu_cxx::__ops::_Iter_comp_iter<krkrsdl3::layer_work::Take()::<lambda(const krkrsdl3::layer_work::OriginTransfer&, const krkrsdl3::layer_work::OriginTransfer&)> >]	192	static
C:/Strawberry/c/include/c++/13.2.0/bits/stl_algo.h:1792:5:void std::__unguarded_linear_insert(_RandomAccessIterator, _Compare) [with _RandomAccessIterator = krkrsdl3::layer_work::OriginTransfer*; _Compare = __gnu_cxx::__ops::_Val_comp_iter<krkrsdl3::layer_work::Take()::<lambda(const krkrsdl3::layer_work::OriginTransfer&, const krkrsdl3::layer_work::OriginTransfer&)> >]	176	static
C:/Strawberry/c/include/c++/13.2.0/bits/stl_algo.h:1812:5:void std::__insertion_sort(_RandomAccessIterator, _RandomAccessIterator, _Compare) [with _RandomAccessIterator = krkrsdl3::layer_work::OriginTransfer*; _Compare = __gnu_cxx::__ops::_Iter_comp_iter<krkrsdl3::layer_work::Take()::<lambda(const krkrsdl3::layer_work::OriginTransfer&, const krkrsdl3::layer_work::OriginTransfer&)> >]	192	static
C:/Strawberry/c/include/c++/13.2.0/bits/stl_algo.h:1792:5:void std::__unguarded_linear_insert(_RandomAccessIterator, _Compare) [with _RandomAccessIterator = krkrsdl3::layer_work::Transfer*; _Compare = __gnu_cxx::__ops::_Val_comp_iter<krkrsdl3::layer_work::Take()::<lambda(const krkrsdl3::layer_work::Transfer&, const krkrsdl3::layer_work::Transfer&)> >]	128	static
C:/Strawberry/c/include/c++/13.2.0/bits/stl_algo.h:1812:5:void std::__insertion_sort(_RandomAccessIterator, _RandomAccessIterator, _Compare) [with _RandomAccessIterator = krkrsdl3::layer_work::Transfer*; _Compare = __gnu_cxx::__ops::_Iter_comp_iter<krkrsdl3::layer_work::Take()::<lambda(const krkrsdl3::layer_work::Transfer&, const krkrsdl3::layer_work::Transfer&)> >]	192	static
C:/Strawberry/c/include/c++/13.2.0/bits/stl_heap.h:224:5:void std::__adjust_heap(_RandomAccessIterator, _Distance, _Distance, _Tp, _Compare) [with _RandomAccessIterator = krkrsdl3::layer_work::OriginTransfer*; _Distance = long long int; _Tp = krkrsdl3::layer_work::OriginTransfer; _Compare = __gnu_cxx::__ops::_Iter_comp_iter<krkrsdl3::layer_work::Take()::<lambda(const krkrsdl3::layer_work::OriginTransfer&, const krkrsdl3::layer_work::OriginTransfer&)> >]	224	static
C:/Strawberry/c/include/c++/13.2.0/bits/stl_algo.h:1631:5:void std::__heap_select(_RandomAccessIterator, _RandomAccessIterator, _RandomAccessIterator, _Compare) [with _RandomAccessIterator = krkrsdl3::layer_work::OriginTransfer*; _Compare = __gnu_cxx::__ops::_Iter_comp_iter<krkrsdl3::layer_work::Take()::<lambda(const krkrsdl3::layer_work::OriginTransfer&, const krkrsdl3::layer_work::OriginTransfer&)> >]	304	static
C:/Strawberry/c/include/c++/13.2.0/bits/stl_algo.h:1918:5:void std::__introsort_loop(_RandomAccessIterator, _RandomAccessIterator, _Size, _Compare) [with _RandomAccessIterator = krkrsdl3::layer_work::OriginTransfer*; _Size = long long int; _Compare = __gnu_cxx::__ops::_Iter_comp_iter<krkrsdl3::layer_work::Take()::<lambda(const krkrsdl3::layer_work::OriginTransfer&, const krkrsdl3::layer_work::OriginTransfer&)> >]	320	static
C:/Strawberry/c/include/c++/13.2.0/bits/stl_heap.h:224:5:void std::__adjust_heap(_RandomAccessIterator, _Distance, _Distance, _Tp, _Compare) [with _RandomAccessIterator = krkrsdl3::layer_work::Transfer*; _Distance = long long int; _Tp = krkrsdl3::layer_work::Transfer; _Compare = __gnu_cxx::__ops::_Iter_comp_iter<krkrsdl3::layer_work::Take()::<lambda(const krkrsdl3::layer_work::Transfer&, const krkrsdl3::layer_work::Transfer&)> >]	160	static
C:/Strawberry/c/include/c++/13.2.0/bits/stl_algo.h:1631:5:void std::__heap_select(_RandomAccessIterator, _RandomAccessIterator, _RandomAccessIterator, _Compare) [with _RandomAccessIterator = krkrsdl3::layer_work::Transfer*; _Compare = __gnu_cxx::__ops::_Iter_comp_iter<krkrsdl3::layer_work::Take()::<lambda(const krkrsdl3::layer_work::Transfer&, const krkrsdl3::layer_work::Transfer&)> >]	352	static
C:/Strawberry/c/include/c++/13.2.0/bits/stl_algo.h:1918:5:void std::__introsort_loop(_RandomAccessIterator, _RandomAccessIterator, _Size, _Compare) [with _RandomAccessIterator = krkrsdl3::layer_work::Transfer*; _Size = long long int; _Compare = __gnu_cxx::__ops::_Iter_comp_iter<krkrsdl3::layer_work::Take()::<lambda(const krkrsdl3::layer_work::Transfer&, const krkrsdl3::layer_work::Transfer&)> >]	352	static
D:\vn-sim\Engine\KRKRRuntime\Source\cpp/core/render/LayerWorkDiagnostics.h:353:16:krkrsdl3::layer_work::Summary krkrsdl3::layer_work::Take()	182368	static
build/metal-layer-tests/ProductionTriangleProfileBridge.inc:40:17:bool MikageKRKRTakeLayerWorkProfile(MikageKRKRLayerWorkProfile*)	33152	static
Tests/MetalLayer/TriangleProfileTests.cpp:72:6:void TriangleProfileTests()	210256	static
Tests/MetalLayer/TriangleProfileTests.cpp:327:1:cpp)	48	static
