[0/2] Re-checking globbed directories...
[1/47] Generating ProductionReader.inc
[2/47] Generating ProductionFileClass.inc, ProductionDecode.inc, ProductionSharedResource.inc, ProductionLoad.inc, ProductionSession.inc
[3/47] Building CXX object CMakeFiles/emote-metadata-tests.dir/D_/vn-sim/Engine/KRKRRuntime/Source/cpp/plugins/psbfile/PSBData.cpp.obj
[4/47] Building CXX object CMakeFiles/emote-metadata-tests.dir/D_/vn-sim/Engine/KRKRRuntime/Source/cpp/tjs2/tjsBinarySerializer.cpp.obj
[5/47] Building CXX object CMakeFiles/emote-metadata-tests.dir/D_/vn-sim/Engine/KRKRRuntime/Source/cpp/tjs2/tjs.tab.cpp.obj
[6/47] Building CXX object CMakeFiles/emote-metadata-tests.dir/D_/vn-sim/Engine/KRKRRuntime/Source/cpp/tjs2/tjs.cpp.obj
[7/47] Building CXX object CMakeFiles/emote-metadata-tests.dir/D_/vn-sim/Engine/KRKRRuntime/Source/cpp/tjs2/tjsDate.cpp.obj
[8/47] Building CXX object CMakeFiles/emote-metadata-tests.dir/D_/vn-sim/Engine/KRKRRuntime/Source/cpp/tjs2/tjsException.cpp.obj
[9/47] Building CXX object CMakeFiles/emote-metadata-tests.dir/D_/vn-sim/Engine/KRKRRuntime/Source/cpp/tjs2/tjsDictionary.cpp.obj
[10/47] Building CXX object CMakeFiles/emote-metadata-tests.dir/D_/vn-sim/Engine/KRKRRuntime/Source/cpp/tjs2/tjsKnownByteCodeCompatibility.cpp.obj
[11/47] Building CXX object CMakeFiles/emote-metadata-tests.dir/D_/vn-sim/Engine/KRKRRuntime/Source/cpp/tjs2/tjsMath.cpp.obj
[12/47] Building CXX object CMakeFiles/emote-metadata-tests.dir/EmoteMetadataTests.cpp.obj
[13/47] Building CXX object CMakeFiles/emote-metadata-tests.dir/D_/vn-sim/Engine/KRKRRuntime/Source/cpp/tjs2/tjsLex.cpp.obj
[14/47] Building CXX object CMakeFiles/emote-metadata-tests.dir/D_/vn-sim/Engine/KRKRRuntime/Source/cpp/tjs2/tjsArray.cpp.obj
[15/47] Building CXX object CMakeFiles/emote-metadata-tests.dir/D_/vn-sim/Engine/KRKRRuntime/Source/cpp/tjs2/tjsInterCodeExec.cpp.obj
[16/47] Building C object CMakeFiles/emote-metadata-tests.dir/D_/vn-sim/Engine/KRKRRuntime/Source/cpp/plugins/Kirikiroid2/7zip/Sha256.c.obj
[17/47] Building CXX object CMakeFiles/emote-metadata-tests.dir/D_/vn-sim/Engine/KRKRRuntime/Source/cpp/tjs2/tjsNative.cpp.obj
[18/47] Building CXX object CMakeFiles/emote-metadata-tests.dir/D_/vn-sim/Engine/KRKRRuntime/Source/cpp/tjs2/tjsRandomGenerator.cpp.obj
[19/47] Building C object CMakeFiles/emote-metadata-tests.dir/D_/vn-sim/Engine/KRKRRuntime/Source/cpp/plugins/Kirikiroid2/7zip/Sha256Opt.c.obj
[20/47] Building CXX object CMakeFiles/emote-metadata-tests.dir/D_/vn-sim/Engine/KRKRRuntime/Source/cpp/tjs2/tjsScriptCache.cpp.obj
[21/47] Building CXX object CMakeFiles/emote-metadata-tests.dir/D_/vn-sim/Engine/KRKRRuntime/Source/cpp/tjs2/tjsObject.cpp.obj
[22/47] Building CXX object CMakeFiles/emote-metadata-tests.dir/D_/vn-sim/Engine/KRKRRuntime/Source/cpp/tjs2/tjsOctPack.cpp.obj
[23/47] Building CXX object CMakeFiles/emote-shared-loader-tests.dir/D_/vn-sim/Engine/KRKRRuntime/Source/cpp/plugins/psbfile/PSBData.cpp.obj
[24/47] Building C object CMakeFiles/emote-metadata-tests.dir/D_/vn-sim/Engine/KRKRRuntime/Source/cpp/plugins/Kirikiroid2/7zip/CpuArch.c.obj
[25/47] Building CXX object CMakeFiles/emote-shared-loader-tests.dir/D_/vn-sim/Engine/KRKRRuntime/Source/cpp/tjs2/tjs.cpp.obj
[26/47] Building CXX object CMakeFiles/emote-shared-loader-tests.dir/D_/vn-sim/Engine/KRKRRuntime/Source/cpp/tjs2/tjs.tab.cpp.obj
[27/47] Building CXX object CMakeFiles/emote-shared-loader-tests.dir/D_/vn-sim/Engine/KRKRRuntime/Source/cpp/tjs2/tjsBinarySerializer.cpp.obj
[28/47] Building CXX object CMakeFiles/emote-shared-loader-tests.dir/D_/vn-sim/Engine/KRKRRuntime/Source/cpp/tjs2/tjsDate.cpp.obj
[29/47] Building CXX object CMakeFiles/emote-shared-loader-tests.dir/D_/vn-sim/Engine/KRKRRuntime/Source/cpp/tjs2/tjsException.cpp.obj
[30/47] Building CXX object CMakeFiles/emote-shared-loader-tests.dir/D_/vn-sim/Engine/KRKRRuntime/Source/cpp/tjs2/tjsDictionary.cpp.obj
[31/47] Building CXX object CMakeFiles/emote-shared-loader-tests.dir/D_/vn-sim/Engine/KRKRRuntime/Source/cpp/tjs2/tjsKnownByteCodeCompatibility.cpp.obj
[32/47] Building CXX object CMakeFiles/emote-shared-loader-tests.dir/D_/vn-sim/Engine/KRKRRuntime/Source/cpp/tjs2/tjsMath.cpp.obj
[33/47] Building CXX object CMakeFiles/emote-shared-loader-tests.dir/D_/vn-sim/Engine/KRKRRuntime/Source/cpp/tjs2/tjsLex.cpp.obj
[34/47] Building CXX object CMakeFiles/emote-shared-loader-tests.dir/D_/vn-sim/Engine/KRKRRuntime/Source/cpp/tjs2/tjsArray.cpp.obj
[35/47] Building CXX object CMakeFiles/emote-shared-loader-tests.dir/EmoteSharedLoaderTests.cpp.obj
[36/47] Building CXX object CMakeFiles/emote-shared-loader-tests.dir/D_/vn-sim/Engine/KRKRRuntime/Source/cpp/tjs2/tjsInterCodeExec.cpp.obj
[37/47] Building CXX object CMakeFiles/emote-shared-loader-tests.dir/D_/vn-sim/Engine/KRKRRuntime/Source/cpp/tjs2/tjsNative.cpp.obj
[38/47] Building C object CMakeFiles/emote-shared-loader-tests.dir/D_/vn-sim/Engine/KRKRRuntime/Source/cpp/plugins/Kirikiroid2/7zip/Sha256.c.obj
[39/47] Building C object CMakeFiles/emote-shared-loader-tests.dir/D_/vn-sim/Engine/KRKRRuntime/Source/cpp/plugins/Kirikiroid2/7zip/Sha256Opt.c.obj
[40/47] Building CXX object CMakeFiles/emote-shared-loader-tests.dir/D_/vn-sim/Engine/KRKRRuntime/Source/cpp/tjs2/tjsRandomGenerator.cpp.obj
[41/47] Building CXX object CMakeFiles/emote-shared-loader-tests.dir/D_/vn-sim/Engine/KRKRRuntime/Source/cpp/tjs2/tjsScriptCache.cpp.obj
[42/47] Building CXX object CMakeFiles/emote-shared-loader-tests.dir/D_/vn-sim/Engine/KRKRRuntime/Source/cpp/tjs2/tjsObject.cpp.obj
[43/47] Linking CXX executable emote-metadata-tests.exe
[44/47] Building C object CMakeFiles/emote-shared-loader-tests.dir/D_/vn-sim/Engine/KRKRRuntime/Source/cpp/plugins/Kirikiroid2/7zip/CpuArch.c.obj
[45/47] Building CXX object CMakeFiles/emote-shared-loader-tests.dir/D_/vn-sim/Engine/KRKRRuntime/Source/cpp/tjs2/tjsOctPack.cpp.obj
[46/47] Linking CXX executable emote-shared-loader-tests.exe
