[0/2] Re-checking globbed directories...
[1/29] Generating ProductionHostMode.inc, ProductionModeConstructor.inc
[2/29] Generating ProductionIntegration.inc, ProductionEngineDeclaration.inc, ProductionRegistration.inc, ProductionClockMembers.inc, ProductionD3D.inc, ProductionD3DRegistration.inc, ProductionParameter.inc
[3/29] Building CXX object CMakeFiles/emote-host-mode-tests.dir/HostEmoteModeTests.cpp.obj
[4/29] Building CXX object CMakeFiles/emote-host-simulator-mode-tests.dir/HostEmoteModeTests.cpp.obj
[5/29] Building CXX object CMakeFiles/emote-integration-tests.dir/D_/vn-sim/Engine/KRKRRuntime/Source/cpp/tjs2/tjs.tab.cpp.obj
[6/29] Building CXX object CMakeFiles/emote-integration-tests.dir/D_/vn-sim/Engine/KRKRRuntime/Source/cpp/plugins/ncbind/ncbind.cpp.obj
[7/29] Building CXX object CMakeFiles/emote-integration-tests.dir/D_/vn-sim/Engine/KRKRRuntime/Source/cpp/tjs2/tjs.cpp.obj
[8/29] Building CXX object CMakeFiles/emote-integration-tests.dir/D_/vn-sim/Engine/KRKRRuntime/Source/cpp/tjs2/tjsBinarySerializer.cpp.obj
[9/29] Building CXX object CMakeFiles/emote-integration-tests.dir/D_/vn-sim/Engine/KRKRRuntime/Source/cpp/tjs2/tjsDate.cpp.obj
[10/29] Building CXX object CMakeFiles/emote-integration-tests.dir/D_/vn-sim/Engine/KRKRRuntime/Source/cpp/tjs2/tjsException.cpp.obj
[11/29] Building CXX object CMakeFiles/emote-integration-tests.dir/D_/vn-sim/Engine/KRKRRuntime/Source/cpp/tjs2/tjsDictionary.cpp.obj
[12/29] Building CXX object CMakeFiles/emote-integration-tests.dir/D_/vn-sim/Engine/KRKRRuntime/Source/cpp/tjs2/tjsKnownByteCodeCompatibility.cpp.obj
[13/29] Building CXX object CMakeFiles/emote-integration-tests.dir/D_/vn-sim/Engine/KRKRRuntime/Source/cpp/tjs2/tjsMath.cpp.obj
[14/29] Building CXX object CMakeFiles/emote-integration-tests.dir/D_/vn-sim/Engine/KRKRRuntime/Source/cpp/tjs2/tjsLex.cpp.obj
[15/29] Building CXX object CMakeFiles/emote-integration-tests.dir/D_/vn-sim/Engine/KRKRRuntime/Source/cpp/tjs2/tjsInterCodeExec.cpp.obj
[16/29] Building CXX object CMakeFiles/emote-integration-tests.dir/D_/vn-sim/Engine/KRKRRuntime/Source/cpp/tjs2/tjsArray.cpp.obj
[17/29] Building CXX object CMakeFiles/emote-integration-tests.dir/D_/vn-sim/Engine/KRKRRuntime/Source/cpp/tjs2/tjsNative.cpp.obj
[18/29] Building CXX object CMakeFiles/emote-integration-tests.dir/EmoteIntegrationTests.cpp.obj
[19/29] Building C object CMakeFiles/emote-integration-tests.dir/D_/vn-sim/Engine/KRKRRuntime/Source/cpp/plugins/Kirikiroid2/7zip/Sha256.c.obj
[20/29] Building CXX object CMakeFiles/emote-integration-tests.dir/D_/vn-sim/Engine/KRKRRuntime/Source/cpp/tjs2/tjsObject.cpp.obj
[21/29] Building CXX object CMakeFiles/emote-integration-tests.dir/D_/vn-sim/Engine/KRKRRuntime/Source/cpp/tjs2/tjsRandomGenerator.cpp.obj
[22/29] Linking CXX executable emote-host-mode-tests.exe
[23/29] Building C object CMakeFiles/emote-integration-tests.dir/D_/vn-sim/Engine/KRKRRuntime/Source/cpp/plugins/Kirikiroid2/7zip/Sha256Opt.c.obj
[24/29] Building CXX object CMakeFiles/emote-integration-tests.dir/D_/vn-sim/Engine/KRKRRuntime/Source/cpp/tjs2/tjsScriptCache.cpp.obj
[25/29] Linking CXX executable emote-host-simulator-mode-tests.exe
[26/29] Building CXX object CMakeFiles/emote-integration-tests.dir/D_/vn-sim/Engine/KRKRRuntime/Source/cpp/tjs2/tjsOctPack.cpp.obj
[27/29] Building C object CMakeFiles/emote-integration-tests.dir/D_/vn-sim/Engine/KRKRRuntime/Source/cpp/plugins/Kirikiroid2/7zip/CpuArch.c.obj
[28/29] Linking CXX executable emote-integration-tests.exe
