[0/2] Re-checking globbed directories...
-- GLOB mismatch!
[1/2] Re-running CMake...
Applied production span capture patch to pinned upstream source
-- Configuring done (0.7s)
-- Generating done (0.0s)
-- Build files have been written to: D:/vn-sim/build/metal-layer-tests
[0/4] Re-checking globbed directories...
[1/21] Building C object CMakeFiles/plutovg-oracle-patched.dir/plutovg-patched/source/plutovg-matrix.c.obj
[2/21] Building C object CMakeFiles/plutovg-oracle-patched.dir/plutovg-patched/source/plutovg-paint.c.obj
[3/21] Building C object CMakeFiles/plutovg-oracle-patched.dir/plutovg-patched/source/plutovg-canvas.c.obj
[4/21] Building C object CMakeFiles/plutovg-oracle-patched.dir/plutovg-patched/source/plutovg-rasterize.c.obj
[5/21] Building C object CMakeFiles/plutovg-oracle-patched.dir/plutovg-patched/source/plutovg-font.c.obj
[6/21] Building C object CMakeFiles/plutovg-oracle-patched.dir/plutovg-patched/source/plutovg-path.c.obj
[7/21] Building C object CMakeFiles/plutovg-oracle-patched.dir/plutovg-patched/source/plutovg-blend.c.obj
[8/21] Building C object CMakeFiles/plutovg-oracle-patched.dir/plutovg-patched/source/plutovg-surface.c.obj
[9/21] Linking C static library libplutovg-oracle-patched.a
[10/21] Building C object CMakeFiles/metal-layer-tests.dir/D_/vn-sim/Engine/KRKRRuntime/Source/cpp/plugins/Kirikiroid2/7zip/Sha256.c.obj
[11/21] Building C object CMakeFiles/metal-layer-tests.dir/D_/vn-sim/Engine/KRKRRuntime/Source/cpp/plugins/Kirikiroid2/7zip/Sha256Opt.c.obj
[12/21] Building CXX object CMakeFiles/plutovg-patched-pixels.dir/C2PlutovgOracle.cpp.obj
[13/21] Building CXX object CMakeFiles/metal-layer-tests.dir/D_/vn-sim/Engine/KRKRRuntime/Source/cpp/tjs2/tjsScriptCache.cpp.obj
[14/21] Building CXX object CMakeFiles/metal-layer-tests.dir/D_/vn-sim/Engine/KRKRRuntime/Source/cpp/tjs2/tjsKnownByteCodeCompatibility.cpp.obj
[15/21] Building C object CMakeFiles/metal-layer-tests.dir/D_/vn-sim/Engine/KRKRRuntime/Source/cpp/plugins/Kirikiroid2/7zip/CpuArch.c.obj
[16/21] Linking CXX executable plutovg-patched-pixels.exe
[17/21] Building CXX object CMakeFiles/metal-layer-tests.dir/C2SpanBindingTests.cpp.obj
[18/21] Linking CXX executable metal-layer-tests.exe
